package features

// --- Comments inside Signature ---

// FunctionWithComments проверяет функцию с комментариями внутри сигнатуры.
// Линтер должен схлопнуть эту функцию, так как она помещается в одну строку.
// При этом комментарии внутри сигнатуры будут удалены.
func FunctionWithComments(a int, b int) { // want "Signature fits in one line"
}

// InterfaceWithComments проверяет интерфейс с комментариями.
// Так как линтер работает на уровне замены текста, он удалит комментарии при схлопывании.
// В данном случае сигнатура короткая, поэтому линтер предложит "Signature fits in one line".
// И фикс применится (удалив комментарии).
type InterfaceWithComments interface {
	Method(a int, b int) // want "Signature fits in one line"
}
