package length140

// --- Inline Structs & Complex Types ---

// InlineStructShort checks inline struct that fits on one line.
func InlineStructShort(s struct{ X, Y int }) { // want "Signature can be formatted more compactly"
}

// InlineStructLong checks inline struct that does NOT fit on one line (due to names).
// Should remain unchanged (multiline), since this is a regular function.
func InlineStructLong(
	param1 struct{ Field1, Field2, Field3 int },
	param2 struct{ A, B, C string },
	param3 map[string]func(int) error,
	param4 interface{ M() },
) {
}

// MethodWithInlineStructsInterface checks interface method with inline structs.
// Should be reformatted (packed).
type MethodWithInlineStructsInterface interface {
	MethodWithInlineStructs(p1 struct{ A, B int }, p2 struct{ C, D string }, p3 struct{ E, F bool }, p4 struct{ G, H float64 }) // want "Signature can be formatted more compactly"
}

// NestedTypeShort checks nested types that fit on one line.
func NestedTypeShort(m map[string]func(int) []byte) { // want "Signature can be formatted more compactly"
}

// FuncParamShort checks function as parameter.
func FuncParamShort(handler func(string) (int, error)) { // want "Signature can be formatted more compactly"
}

// VariadicComplex checks variadic parameter of complex type.
func VariadicComplex(items ...struct{ ID string }) { // want "Signature can be formatted more compactly"
}

// ComplexStructField checks func field with complex types.
type ComplexStructField struct {
	ComplexField func(a map[string]struct{ X int }, b interface{ String() string }, c chan<- func(), d ...*int) // want "Signature can be formatted more compactly"
}
